// Jest Snapshot v1, https://goo.gl/fbAQLP

exports[`renders without crashing 1`] = `
<div
  className="style__CalendarWeekdaysBase-sc-1ai2hag-0 fotTHC"
>
  <div>
    m
  </div>
  <div>
    t
  </div>
  <div>
    w
  </div>
  <div>
    t
  </div>
  <div>
    f
  </div>
  <div>
    s
  </div>
  <div>
    s
  </div>
</div>
`;
