// Jest Snapshot v1, https://goo.gl/fbAQLP

exports[`renders without crashing 1`] = `
<div
  className="style__DividerBase-xf6nyq-0 hTqFly"
>
  <svg
    className="shape"
    viewBox="0 0 466 102"
  >
    <path
      d="M-0.2,4v16c0,0,186.7,47.9,465,31C187.8,65.3-0.2,4-0.2,4z"
    />
  </svg>
  <svg
    className="shape"
    viewBox="0 0 466 102"
  >
    <path
      d="M-0.2,4v16c0,0,186.7,47.9,465,31C187.8,65.3-0.2,4-0.2,4z"
    />
  </svg>
</div>
`;
