// Jest Snapshot v1, https://goo.gl/fbAQLP

exports[`renders without crashing 1`] = `
<ul
  className="style__SidebarListBase-b5r7k8-0 fMmkIZ"
>
  <li>
    <a
      href="#"
    >
      <div
        className="style__SidebarItemBase-sc-1i0hz0r-0 jJGZXz"
        type={null}
      >
        <span
          className="style__LinkBase-sc-1gvcrtp-0 fjbDy"
        >
          Tree
        </span>
      </div>
    </a>
  </li>
  <li>
    <a
      href="#"
    >
      <div
        className="style__SidebarItemBase-sc-1i0hz0r-0 jJGZXz"
        type={null}
      >
        <span
          className="style__LinkBase-sc-1gvcrtp-0 fjbDy"
        >
          Other
        </span>
      </div>
    </a>
  </li>
</ul>
`;
