// Jest Snapshot v1, https://goo.gl/fbAQLP

exports[`renders without crashing 1`] = `
<div
  className="sc-bdVaJa TgvSk"
>
  <div
    className="sc-bwzfXH inZryP"
  >
    <div
      className="arrow-button"
    >
      <span
        className="sc-htpNat lipesK icon"
        onClick={[Function]}
      >
        <svg
          viewBox="0 0 143 143"
        >
          <path
            d="M97.8 123.9c-.8 0-1.6-.3-2.3-.9l-55-47.6c-.8-.7-1.2-1.6-1.2-2.6s.4-2 1.2-2.6l55-48.2c1.5-1.3 3.7-1.1 4.9.3 1.3 1.5 1.1 3.7-.3 4.9l-52 45.6 52 45c1.5 1.3 1.6 3.5.4 4.9-.8.8-1.8 1.2-2.7 1.2z"
          />
        </svg>
      </span>
    </div>
    <span>
      Août 2020
    </span>
    <div
      className="arrow-button"
    >
      <span
        className="sc-htpNat lipesK icon"
        onClick={[Function]}
      >
        <svg
          viewBox="0 0 143 143"
        >
          <path
            d="M43.5 123.9c-1 0-1.9-.4-2.6-1.2-1.3-1.5-1.1-3.7.3-4.9l52-45.6-52-45c-1.5-1.3-1.6-3.5-.4-4.9 1.3-1.5 3.5-1.6 4.9-.4l55 47.6c.8.7 1.2 1.6 1.2 2.6s-.4 2-1.2 2.6l-55 48.2c-.6.7-1.4 1-2.2 1z"
          />
        </svg>
      </span>
    </div>
  </div>
  <div
    className="sc-bxivhb fqeepJ"
  >
    <div>
      L
    </div>
    <div>
      M
    </div>
    <div>
      M
    </div>
    <div>
      J
    </div>
    <div>
      V
    </div>
    <div>
      S
    </div>
    <div>
      D
    </div>
  </div>
  <div
    className="sc-ifAKCX iUpWxB"
    offset={6}
  >
    <div
      className="sc-EHOje bMwkVO"
      onClick={[Function]}
    >
      1
    </div>
    <div
      className="sc-EHOje bMwkVO"
      onClick={[Function]}
    >
      2
    </div>
    <div
      className="sc-EHOje bMwkVO"
      onClick={[Function]}
    >
      3
    </div>
    <div
      className="sc-EHOje bMwkVO"
      onClick={[Function]}
    >
      4
    </div>
    <div
      className="sc-EHOje bMwkVO"
      onClick={[Function]}
    >
      5
    </div>
    <div
      className="sc-EHOje bMwkVO"
      onClick={[Function]}
    >
      6
    </div>
    <div
      className="sc-EHOje bZvohJ"
      onClick={[Function]}
    >
      7
    </div>
    <div
      className="sc-EHOje bMwkVO"
      onClick={[Function]}
    >
      8
    </div>
    <div
      className="sc-EHOje bMwkVO"
      onClick={[Function]}
    >
      9
    </div>
    <div
      className="sc-EHOje bMwkVO"
      onClick={[Function]}
    >
      10
    </div>
    <div
      className="sc-EHOje bMwkVO"
      onClick={[Function]}
    >
      11
    </div>
    <div
      className="sc-EHOje bMwkVO"
      onClick={[Function]}
    >
      12
    </div>
    <div
      className="sc-EHOje bMwkVO"
      onClick={[Function]}
    >
      13
    </div>
    <div
      className="sc-EHOje bMwkVO"
      onClick={[Function]}
    >
      14
    </div>
    <div
      className="sc-EHOje bMwkVO"
      onClick={[Function]}
    >
      15
    </div>
    <div
      className="sc-EHOje bMwkVO"
      onClick={[Function]}
    >
      16
    </div>
    <div
      className="sc-EHOje bMwkVO"
      onClick={[Function]}
    >
      17
    </div>
    <div
      className="sc-EHOje bMwkVO"
      onClick={[Function]}
    >
      18
    </div>
    <div
      className="sc-EHOje bMwkVO"
      onClick={[Function]}
    >
      19
    </div>
    <div
      className="sc-EHOje bMwkVO"
      onClick={[Function]}
    >
      20
    </div>
    <div
      className="sc-EHOje bMwkVO"
      onClick={[Function]}
    >
      21
    </div>
    <div
      className="sc-EHOje bMwkVO"
      onClick={[Function]}
    >
      22
    </div>
    <div
      className="sc-EHOje bMwkVO"
      onClick={[Function]}
    >
      23
    </div>
    <div
      className="sc-EHOje bMwkVO"
      onClick={[Function]}
    >
      24
    </div>
    <div
      className="sc-EHOje bMwkVO"
      onClick={[Function]}
    >
      25
    </div>
    <div
      className="sc-EHOje bMwkVO"
      onClick={[Function]}
    >
      26
    </div>
    <div
      className="sc-EHOje bMwkVO"
      onClick={[Function]}
    >
      27
    </div>
    <div
      className="sc-EHOje bMwkVO"
      onClick={[Function]}
    >
      28
    </div>
    <div
      className="sc-EHOje bMwkVO"
      onClick={[Function]}
    >
      29
    </div>
    <div
      className="sc-EHOje bMwkVO"
      onClick={[Function]}
    >
      30
    </div>
    <div
      className="sc-EHOje bMwkVO"
      onClick={[Function]}
    >
      31
    </div>
  </div>
</div>
`;
