// Jest Snapshot v1, https://goo.gl/fbAQLP

exports[`renders without crashing 1`] = `
<div
  className="style__YAxisBase-sc-fqe2pn-0 nQhmq"
>
  <div
    className="style__YAxisElementBase-sc-fqe2pn-1 eBTHGw"
  >
    <span
      className="style__TextBase-sc-11ixwvd-0 ilsyUh"
    >
      123
       
      €
    </span>
  </div>
  <div
    className="style__YAxisElementBase-sc-fqe2pn-1 eBTHGw"
  >
    <span
      className="style__TextBase-sc-11ixwvd-0 ilsyUh"
    >
      107
       
      €
    </span>
  </div>
  <div
    className="style__YAxisElementBase-sc-fqe2pn-1 eBTHGw"
  >
    <span
      className="style__TextBase-sc-11ixwvd-0 ilsyUh"
    >
      64
       
      €
    </span>
  </div>
  <div
    className="style__YAxisElementBase-sc-fqe2pn-1 eBTHGw"
  >
    <span
      className="style__TextBase-sc-11ixwvd-0 ilsyUh"
    >
      34.5
       
      €
    </span>
  </div>
  <div
    className="style__YAxisElementBase-sc-fqe2pn-1 eBTHGw"
  >
    <span
      className="style__TextBase-sc-11ixwvd-0 ilsyUh"
    >
      0
       
      €
    </span>
  </div>
</div>
`;
