// Jest Snapshot v1, https://goo.gl/fbAQLP

exports[`renders without crashing 1`] = `
<footer
  className="sc-bdnylx lavGZr"
>
  <svg
    className="waveTop"
    viewBox="0 0 998.8 81"
  >
    <path
      d="M999.3,0v80.5c0,0-201.7-65.8-498.9-50.5C208,47.9-0.7,0-0.7,0H999.3z"
    />
  </svg>
  Something
</footer>
`;
