// Jest Snapshot v1, https://goo.gl/fbAQLP

exports[`renders without crashing 1`] = `
<header
  className="style__TopbarBase-sc-167w4io-0 bgLEjQ"
>
  <button
    className="style__MenuHamburgerBase-sc-1tooz6t-0 czVrHi"
    type="button"
  >
    <span />
    <span />
    <span />
  </button>
</header>
`;
