// Jest Snapshot v1, https://goo.gl/fbAQLP

exports[`renders without crashing 1`] = `
<div
  className="sc-AxgMl kpsncL"
>
  <span
    className="sc-AxhCb eOWxyZ"
  >
    Content 
    <strong>
      sample
    </strong>
  </span>
  <p
    className="sc-AxiKw izNBgV"
  >
    Lorem ipsum dolor sit amet, consectetur adipiscing elit. 
    <strong>
      Duis porttitor velit a ultricies aliquet
    </strong>
    . Donec vehicula in arcu non sodales.
  </p>
  <div
    className="sc-AxirZ gZlhKf"
  >
    <a
      href="#"
    >
      <span
        className="sc-AxjAm fhRJHj"
      >
        Don't click
      </span>
    </a>
  </div>
</div>
`;
