// Jest Snapshot v1, https://goo.gl/fbAQLP

exports[`renders without crashing 1`] = `
<div
  className="sc-crzoUp jhbWTO"
>
  <div
    className="main-nav"
  >
    <button
      className="sc-iCoHVE hklUks"
    >
      <span />
      <span />
      <span />
    </button>
  </div>
  <ul
    className="sc-gKAblj dtEAja"
  >
    <li
      className="sc-jSFkmK hOCjj"
    >
      <a
        href="#"
      >
        <div
          className="sc-hKFyIo cIhOzM"
        >
          <span
            className="sc-bdnylx fbEkUe"
          >
            About us
          </span>
        </div>
      </a>
    </li>
  </ul>
</div>
`;
