// Jest Snapshot v1, https://goo.gl/fbAQLP

exports[`renders without crashing 1`] = `
<div
  className="style__MenuGroupBase-sc-18ypw1h-0 iFiwdc"
>
  <div
    className="main-nav"
  >
    <button
      className="style__MenuHamburgerBase-sc-1tooz6t-0 czVrHi"
      type="button"
    >
      <span />
      <span />
      <span />
    </button>
  </div>
  <ul
    className="style__MenuPrimaryBase-sc-4ap9m-0 kGEVJq"
  >
    <li
      className="style__MenuBase-sc-6r1iet-0 fXoXfv"
    >
      <a
        href="#"
      >
        <div
          className="style__MenuItemBase-sc-4wfueo-0 hHHNLZ"
        >
          About us
        </div>
      </a>
    </li>
  </ul>
  <div
    className="style__MenuSecondaryBase-lzoq71-0 grbavq"
  >
    <ul
      className="menu"
    >
      <li
        className="menuElement"
      >
        <div
          className="style__MenuBase-sc-6r1iet-0 fXoXfv"
        >
          <a
            href="#"
          >
            <div
              className="style__MenuItemBase-sc-4wfueo-0 hHHNLZ"
            >
              Login
            </div>
          </a>
        </div>
      </li>
    </ul>
    <button
      className="style__MenuCloseBase-sc-1a52uw3-0 hOzLaq"
      type="button"
    >
      <svg
        className="background"
        viewBox="0 0 170 28.8"
      >
        <path
          d="M85,0.8c37.6,0,63,28,85,28H0C29,28.8,47.4,0.8,85,0.8z"
        />
      </svg>
      <span
        className="style__IconBase-ak3679-0 evbHgX icon"
        type={null}
      >
        <svg
          viewBox="0 0 143 143"
        >
          <path
            d="M70.6 105.3c-1 0-2-.4-2.6-1.2l-48.2-55c-1.3-1.5-1.1-3.7.3-4.9 1.5-1.3 3.7-1.1 4.9.3l45.6 52 45-52c1.3-1.5 3.5-1.6 4.9-.4 1.5 1.3 1.6 3.5.4 4.9l-47.6 55c-.7.9-1.7 1.3-2.7 1.3z"
          />
        </svg>
      </span>
    </button>
  </div>
</div>
`;
