// Jest Snapshot v1, https://goo.gl/fbAQLP

exports[`renders without crashing 1`] = `
Array [
  <option
    disabled={true}
    value=""
  >
    Choose your option...
  </option>,
  <option
    disabled={false}
    value="first"
  >
    First option
  </option>,
  <option
    disabled={false}
    value="second"
  >
    Second option
  </option>,
  <option
    disabled={false}
    value="third"
  >
    Third option
  </option>,
]
`;
