// Jest Snapshot v1, https://goo.gl/fbAQLP

exports[`renders without crashing 1`] = `
<div
  className="sc-bdVaJa dcfxWM"
  offset={6}
>
  <div
    className="sc-bwzfXH hPjMHm"
    onClick={[Function]}
  >
    1
  </div>
  <div
    className="sc-bwzfXH hPjMHm"
    onClick={[Function]}
  >
    2
  </div>
  <div
    className="sc-bwzfXH hPjMHm"
    onClick={[Function]}
  >
    3
  </div>
  <div
    className="sc-bwzfXH hPjMHm"
    onClick={[Function]}
  >
    4
  </div>
  <div
    className="sc-bwzfXH hPjMHm"
    onClick={[Function]}
  >
    5
  </div>
  <div
    className="sc-bwzfXH hPjMHm"
    onClick={[Function]}
  >
    6
  </div>
  <div
    className="sc-bwzfXH hPjMHm"
    onClick={[Function]}
  >
    7
  </div>
  <div
    className="sc-bwzfXH hPjMHm"
    onClick={[Function]}
  >
    8
  </div>
  <div
    className="sc-bwzfXH hPjMHm"
    onClick={[Function]}
  >
    9
  </div>
  <div
    className="sc-bwzfXH hPjMHm"
    onClick={[Function]}
  >
    10
  </div>
  <div
    className="sc-bwzfXH hPjMHm"
    onClick={[Function]}
  >
    11
  </div>
  <div
    className="sc-bwzfXH hPjMHm"
    onClick={[Function]}
  >
    12
  </div>
  <div
    className="sc-bwzfXH hPjMHm"
    onClick={[Function]}
  >
    13
  </div>
  <div
    className="sc-bwzfXH hPjMHm"
    onClick={[Function]}
  >
    14
  </div>
  <div
    className="sc-bwzfXH hPjMHm"
    onClick={[Function]}
  >
    15
  </div>
  <div
    className="sc-bwzfXH hPjMHm"
    onClick={[Function]}
  >
    16
  </div>
  <div
    className="sc-bwzfXH hPjMHm"
    onClick={[Function]}
  >
    17
  </div>
  <div
    className="sc-bwzfXH hPjMHm"
    onClick={[Function]}
  >
    18
  </div>
  <div
    className="sc-bwzfXH hPjMHm"
    onClick={[Function]}
  >
    19
  </div>
  <div
    className="sc-bwzfXH hPjMHm"
    onClick={[Function]}
  >
    20
  </div>
  <div
    className="sc-bwzfXH hPjMHm"
    onClick={[Function]}
  >
    21
  </div>
  <div
    className="sc-bwzfXH hPjMHm"
    onClick={[Function]}
  >
    22
  </div>
  <div
    className="sc-bwzfXH hPjMHm"
    onClick={[Function]}
  >
    23
  </div>
  <div
    className="sc-bwzfXH hPjMHm"
    onClick={[Function]}
  >
    24
  </div>
  <div
    className="sc-bwzfXH hPjMHm"
    onClick={[Function]}
  >
    25
  </div>
  <div
    className="sc-bwzfXH hPjMHm"
    onClick={[Function]}
  >
    26
  </div>
  <div
    className="sc-bwzfXH hPjMHm"
    onClick={[Function]}
  >
    27
  </div>
  <div
    className="sc-bwzfXH hPjMHm"
    onClick={[Function]}
  >
    28
  </div>
  <div
    className="sc-bwzfXH hPjMHm"
    onClick={[Function]}
  >
    29
  </div>
  <div
    className="sc-bwzfXH hPjMHm"
    onClick={[Function]}
  >
    30
  </div>
  <div
    className="sc-bwzfXH hPjMHm"
    onClick={[Function]}
  >
    31
  </div>
</div>
`;
