// Jest Snapshot v1, https://goo.gl/fbAQLP

exports[`renders without crashing 1`] = `
<div
  className="style__CalendarGridBase-sc-1qui6a5-0 flnYys"
>
  <button
    className="style__CalendarCellBase-sc-17uxo6m-0 jMhBbg"
    onClick={[Function]}
  >
    1
  </button>
  <button
    className="style__CalendarCellBase-sc-17uxo6m-0 jMhBbg"
    onClick={[Function]}
  >
    2
  </button>
  <button
    className="style__CalendarCellBase-sc-17uxo6m-0 jMhBbg"
    onClick={[Function]}
  >
    3
  </button>
  <button
    className="style__CalendarCellBase-sc-17uxo6m-0 jMhBbg"
    onClick={[Function]}
  >
    4
  </button>
  <button
    className="style__CalendarCellBase-sc-17uxo6m-0 bfGwSB"
    onClick={[Function]}
  >
    5
  </button>
  <button
    className="style__CalendarCellBase-sc-17uxo6m-0 jMhBbg"
    onClick={[Function]}
  >
    6
  </button>
  <button
    className="style__CalendarCellBase-sc-17uxo6m-0 jMhBbg"
    onClick={[Function]}
  >
    7
  </button>
  <button
    className="style__CalendarCellBase-sc-17uxo6m-0 jMhBbg"
    onClick={[Function]}
  >
    8
  </button>
  <button
    className="style__CalendarCellBase-sc-17uxo6m-0 jMhBbg"
    onClick={[Function]}
  >
    9
  </button>
  <button
    className="style__CalendarCellBase-sc-17uxo6m-0 jMhBbg"
    onClick={[Function]}
  >
    10
  </button>
  <button
    className="style__CalendarCellBase-sc-17uxo6m-0 jMhBbg"
    onClick={[Function]}
  >
    11
  </button>
  <button
    className="style__CalendarCellBase-sc-17uxo6m-0 jMhBbg"
    onClick={[Function]}
  >
    12
  </button>
  <button
    className="style__CalendarCellBase-sc-17uxo6m-0 jMhBbg"
    onClick={[Function]}
  >
    13
  </button>
  <button
    className="style__CalendarCellBase-sc-17uxo6m-0 jMhBbg"
    onClick={[Function]}
  >
    14
  </button>
  <button
    className="style__CalendarCellBase-sc-17uxo6m-0 jMhBbg"
    onClick={[Function]}
  >
    15
  </button>
  <button
    className="style__CalendarCellBase-sc-17uxo6m-0 jMhBbg"
    onClick={[Function]}
  >
    16
  </button>
  <button
    className="style__CalendarCellBase-sc-17uxo6m-0 jMhBbg"
    onClick={[Function]}
  >
    17
  </button>
  <button
    className="style__CalendarCellBase-sc-17uxo6m-0 jMhBbg"
    onClick={[Function]}
  >
    18
  </button>
  <button
    className="style__CalendarCellBase-sc-17uxo6m-0 jMhBbg"
    onClick={[Function]}
  >
    19
  </button>
  <button
    className="style__CalendarCellBase-sc-17uxo6m-0 jMhBbg"
    onClick={[Function]}
  >
    20
  </button>
  <button
    className="style__CalendarCellBase-sc-17uxo6m-0 jMhBbg"
    onClick={[Function]}
  >
    21
  </button>
  <button
    className="style__CalendarCellBase-sc-17uxo6m-0 jMhBbg"
    onClick={[Function]}
  >
    22
  </button>
  <button
    className="style__CalendarCellBase-sc-17uxo6m-0 jMhBbg"
    onClick={[Function]}
  >
    23
  </button>
  <button
    className="style__CalendarCellBase-sc-17uxo6m-0 jMhBbg"
    onClick={[Function]}
  >
    24
  </button>
  <button
    className="style__CalendarCellBase-sc-17uxo6m-0 jMhBbg"
    onClick={[Function]}
  >
    25
  </button>
  <button
    className="style__CalendarCellBase-sc-17uxo6m-0 jMhBbg"
    onClick={[Function]}
  >
    26
  </button>
  <button
    className="style__CalendarCellBase-sc-17uxo6m-0 jMhBbg"
    onClick={[Function]}
  >
    27
  </button>
  <button
    className="style__CalendarCellBase-sc-17uxo6m-0 jMhBbg"
    onClick={[Function]}
  >
    28
  </button>
  <button
    className="style__CalendarCellBase-sc-17uxo6m-0 jMhBbg"
    onClick={[Function]}
  >
    29
  </button>
  <button
    className="style__CalendarCellBase-sc-17uxo6m-0 jMhBbg"
    onClick={[Function]}
  >
    30
  </button>
</div>
`;
