// Jest Snapshot v1, https://goo.gl/fbAQLP

exports[`renders without crashing 1`] = `
<div
  className="style__LayoutBase-lk6ftt-0 hYmKYA"
>
  <div
    className="style__SidebarBase-qd29dm-0 htbAsZ"
  >
    <span
      className="style__IconBase-ak3679-0 xhyCY icon"
      type={null}
    >
      <svg
        viewBox="0 0 143 143"
      >
        <path
          d="M43.5 123.9c-1 0-1.9-.4-2.6-1.2-1.3-1.5-1.1-3.7.3-4.9l52-45.6-52-45c-1.5-1.3-1.6-3.5-.4-4.9 1.3-1.5 3.5-1.6 4.9-.4l55 47.6c.8.7 1.2 1.6 1.2 2.6s-.4 2-1.2 2.6l-55 48.2c-.6.7-1.4 1-2.2 1z"
        />
      </svg>
    </span>
  </div>
  <div
    className="style__MainBase-sc-1032smc-0 jrFLLv"
  >
    <header
      className="style__TopbarBase-sc-167w4io-0 bgLEjQ"
    >
      <button
        className="style__MenuHamburgerBase-sc-1tooz6t-0 czVrHi"
        type="button"
      >
        <span />
        <span />
        <span />
      </button>
    </header>
    <div
      className="style__BoxBase-sc-3504r6-0 hgtjMi"
    />
  </div>
</div>
`;
