// Jest Snapshot v1, https://goo.gl/fbAQLP

exports[`renders without crashing 1`] = `
<div
  className="sc-bxivhb dnzMlI"
>
  <header
    className="sc-bwzfXH dImgdB"
  >
    <div
      className="main-nav"
    >
      <button
        className="sc-ifAKCX kdVFfN"
      >
        <span />
        <span />
        <span />
      </button>
    </div>
  </header>
  <div
    className="sc-htpNat hKEOFC"
  />
</div>
`;
