// Jest Snapshot v1, https://goo.gl/fbAQLP

exports[`renders without crashing 1`] = `
Array [
  <p
    className="style__TextBase-sc-11ixwvd-0 hKuksH"
  >
    Lorem ipsum dolor sit amet, consectetur
     
    <strong>
      adipiscing elit
    </strong>
    . Donec eget
     
    <em>
      nulla in libero
    </em>
     laoreet sodales.
  </p>,
  <strong
    className="style__TextBase-sc-11ixwvd-0 gCdoQI"
  >
    Lorem ipsum dolor sit amet, consectetur
  </strong>,
]
`;
