// Jest Snapshot v1, https://goo.gl/fbAQLP

exports[`renders without crashing 1`] = `
<div
  className="style__StepNavbarItemBase-sc-13afoye-0 ccKfGx"
>
  <span>
    1 – Step one
    <span
      className="style__IconBase-ak3679-0 bqeCwO icon done"
      type={null}
    >
      <svg
        viewBox="0 0 143 143"
      >
        <path
          d="M65.9 122.6c-.9 0-1.7-.3-2.4-.9l-51-47.1c-1.4-1.3-1.5-3.5-.2-4.9s3.5-1.5 4.9-.2l48 44.4L123 28c1.1-1.6 3.3-2 4.9-.9s2 3.3.9 4.9l-60 89c-.6.8-1.5 1.4-2.5 1.5-.1.1-.2.1-.4.1z"
        />
      </svg>
    </span>
  </span>
</div>
`;
