// Jest Snapshot v1, https://goo.gl/fbAQLP

exports[`renders without crashing 1`] = `
<div
  className="style__TableBase-zyowmo-0 bsLmTD"
>
  <div
    className="table"
  >
    <div
      className="style__TableRowBase-sc-1nkna8o-0 geKzIR"
    >
      <div
        className="style__TableCellBase-xv8yz4-0 dLLoeY"
      >
        <span
          className="content"
        >
          Row name
        </span>
      </div>
      <div
        className="style__TableCellBase-xv8yz4-0 dLLoeY"
      >
        <span
          className="content"
        >
          Value 1
        </span>
      </div>
      <div
        className="style__TableCellBase-xv8yz4-0 dLLoeY"
      >
        <span
          className="content"
        >
          Value 2
        </span>
      </div>
    </div>
    <div
      className="style__TableRowBase-sc-1nkna8o-0 geKzIR"
    >
      <div
        className="style__TableCellBase-xv8yz4-0 dLLoeY"
      >
        <span
          className="content"
        >
          Row name
        </span>
      </div>
      <div
        className="style__TableCellBase-xv8yz4-0 dLLoeY"
      >
        <span
          className="content"
        >
          Value 1
        </span>
      </div>
      <div
        className="style__TableCellBase-xv8yz4-0 dLLoeY"
      >
        <span
          className="content"
        >
          Value 2
        </span>
      </div>
    </div>
  </div>
</div>
`;
