// Jest Snapshot v1, https://goo.gl/fbAQLP

exports[`renders without crashing 1`] = `
<div
  className="style__TableBase-sc-zyowmo-0 dZFIgk"
>
  <div
    className="table"
  >
    <div
      className="style__TableRowBase-sc-1nkna8o-0 jgiXgk"
    >
      <div
        className="style__TableCellBase-sc-xv8yz4-0 gDpjzE"
      >
        <span
          className="content"
        >
          Row name
        </span>
      </div>
      <div
        className="style__TableCellBase-sc-xv8yz4-0 gDpjzE"
      >
        <span
          className="content"
        >
          Value 1
        </span>
      </div>
      <div
        className="style__TableCellBase-sc-xv8yz4-0 gDpjzE"
      >
        <span
          className="content"
        >
          Value 2
        </span>
      </div>
    </div>
    <div
      className="style__TableRowBase-sc-1nkna8o-0 jgiXgk"
    >
      <div
        className="style__TableCellBase-sc-xv8yz4-0 gDpjzE"
      >
        <span
          className="content"
        >
          Row name
        </span>
      </div>
      <div
        className="style__TableCellBase-sc-xv8yz4-0 gDpjzE"
      >
        <span
          className="content"
        >
          Value 1
        </span>
      </div>
      <div
        className="style__TableCellBase-sc-xv8yz4-0 gDpjzE"
      >
        <span
          className="content"
        >
          Value 2
        </span>
      </div>
    </div>
  </div>
</div>
`;
