// Jest Snapshot v1, https://goo.gl/fbAQLP

exports[`renders without crashing 1`] = `
<div
  className="sc-AxjAm cDESSI"
>
  <div
    className="sc-AxhCb inClvi"
  />
  <div
    className="sc-AxiKw BA-DEX"
  >
    <div
      className="sc-AxirZ hJVQgR"
    >
      <p
        className="sc-AxhUy jzxiew"
      >
        This is the body.
      </p>
    </div>
  </div>
</div>
`;
