// Jest Snapshot v1, https://goo.gl/fbAQLP

exports[`renders without crashing 1`] = `
<header
  className="sc-htoDjs bCLvYs"
>
  <button
    className="sc-gzVnrw kTyxXa"
    onClick={[Function]}
  >
    <span />
    <span />
    <span />
  </button>
  <ul
    className="sc-bZQynM lhirvp"
  >
    <li
      className="sc-EHOje bQJWmc"
    >
      <a
        href="#"
      >
        <div
          className="sc-bxivhb cGUxaq"
        >
          <span
            className="sc-bdVaJa bptjzN"
          >
            About us
          </span>
        </div>
      </a>
    </li>
  </ul>
</header>
`;
