// Jest Snapshot v1, https://goo.gl/fbAQLP

exports[`renders without crashing 1`] = `
<div
  className="style__ModalHeaderBase-e1z6bj-0 clfhBu"
>
  <span
    className="style__TitleBase-td7fx4-0 hQMgyM"
  >
    This is the Title
  </span>
  <span
    className="style__IconBase-ak3679-0 cZjoZu icon"
  >
    <svg
      viewBox="0 0 143 143"
    >
      <path
        d="M74.6 71.5l43.1-43.1c1.4-1.4 1.4-3.6 0-4.9-1.4-1.4-3.6-1.4-4.9 0L69.6 66.6 26.5 23.5c-1.4-1.4-3.6-1.4-4.9 0-1.4 1.4-1.4 3.6 0 4.9l43.1 43.1-43.1 43.1c-1.4 1.4-1.4 3.6 0 4.9.7.7 1.6 1 2.5 1s1.8-.3 2.5-1l43.1-43.1 43.1 43.1c.7.7 1.6 1 2.5 1s1.8-.3 2.5-1c1.4-1.4 1.4-3.6 0-4.9L74.6 71.5z"
      />
    </svg>
  </span>
</div>
`;
