// Jest Snapshot v1, https://goo.gl/fbAQLP

exports[`renders without crashing 1`] = `
<div
  className="style__FormControlBase-sc-1doj43m-0 eXrPaM"
>
  <label
    className="style__DaLabelBase-sc-67p5vh-0 ZaevI"
  >
    Label Description
  </label>
  <div
    className="style__DaTextareaBase-cqgkmw-0 bCAikL"
  >
    <textarea
      disabled={false}
      maxLength={2000}
      minLength={0}
      onChange={[Function]}
      placeholder="Your text…"
      readOnly={false}
      required={false}
      style={
        Object {
          "height": "",
        }
      }
      value=""
    />
    <div>
      <span>
        0
      </span>
       / 
      2000
       
      characters
    </div>
  </div>
  <div
    className="style__MessageBase-ts6lfl-0 dflKhm"
  >
    <p
      className="style__TextBase-sc-11ixwvd-0 kSVwMo"
    >
      Lorem ipsum dolor sit amet, consectetur non sodales.
    </p>
  </div>
</div>
`;
