// Jest Snapshot v1, https://goo.gl/fbAQLP

exports[`renders without crashing 1`] = `
<div
  className="style__InputBase-kps9m4-0 gyOHbQ"
>
  <label
    htmlFor="testId1"
  >
    Your name
  </label>
  <input
    id="testId1"
    onBlur={[Function]}
    onFocus={[Function]}
    placeholder="Firstname Lastname"
    theme={
      Object {
        "arrow": Object {
          "lg": "14px",
          "md": "10px",
          "sm": "6px",
        },
        "bannerHeight": Object {
          "lg": "100vh",
          "sm": "50vh",
          "xs": "33vh",
        },
        "blockHeader": Object {
          "lg": "210px",
          "md": "180px",
          "none": "180px",
          "sm": "140px",
          "xl": "240px",
          "xs": "120px",
        },
        "blockShift": Object {
          "lg": "320px",
          "md": "256px",
          "none": "0",
          "sm": "128px",
          "xl": "384px",
          "xs": "64px",
        },
        "blockSpace": Object {
          "lg": "52px",
          "md": "40px",
          "none": "0",
          "sm": "24px",
          "xl": "68px",
          "xs": "16px",
        },
        "blockWidth": Object {
          "lg": "640px",
          "md": "560px",
          "none": "100%",
          "sm": "400px",
          "xl": "800px",
          "xs": "300px",
        },
        "breakpoint": Object {
          "lg": 1200,
          "md": 960,
          "sm": 550,
          "xl": 1360,
        },
        "button": Object {
          "font": Object {
            "lg": "1.5rem",
            "md": "1.4rem",
            "sm": "1.2rem",
          },
          "letterSpacing": Object {
            "lg": "0.45rem",
            "md": "0.4rem",
            "sm": "0.3rem",
          },
          "paddingHeight": Object {
            "lg": "16px",
            "md": "14px",
            "sm": "12px",
          },
          "paddingWidth": Object {
            "lg": "30px",
            "md": "26px",
            "sm": "22px",
          },
          "shift": "3px",
        },
        "color": Object {
          "primary": Object {
            "gradientBase": "#77d1a6",
            "gradientShade": "#a4db95",
            "light": "#d5f3e5",
            "main": "#33ad73",
          },
          "quaternary": Object {
            "gradientBase": "#e98e90",
            "gradientShade": "#e98eb9",
            "light": "#ffe0e1",
            "main": "#ec6a6a",
          },
          "quinary": Object {
            "gradientBase": "#b887ee",
            "gradientShade": "#dd94ef",
            "light": "#e9d9fb",
            "main": "#a26ae1",
          },
          "secondary": Object {
            "gradientBase": "#51c6be",
            "gradientShade": "#76bbd8",
            "light": "#e1f3f2",
            "main": "#00a99d",
          },
          "tertiary": Object {
            "gradientBase": "#fab56b",
            "gradientShade": "#faa272",
            "light": "#fbe6ce",
            "main": "#e58a28",
          },
        },
        "corner": Object {
          "padding": Object {
            "lg": "6px",
          },
          "size": Object {
            "lg": "34px",
          },
        },
        "daButton": Object {
          "buttonHeight": Object {
            "lg": "44px",
            "md": "38px",
            "sm": "32px",
          },
          "font": Object {
            "lg": "1.7rem",
            "md": "1.4rem",
            "sm": "1.35rem",
          },
          "iconSpacing": Object {
            "lg": "1.1rem",
            "md": "1rem",
            "sm": "0.9rem",
          },
          "shift": Object {
            "lg": "6px",
            "md": "4px",
            "sm": "2px",
          },
        },
        "dash": "3px",
        "dataBar": Object {
          "height": "10px",
          "width": Object {
            "lg": "500px",
            "md": "400px",
            "none": "100%",
            "sm": "300px",
            "xl": "600px",
            "xs": "250px",
          },
        },
        "font": Object {
          "lineHeight": Object {
            "base": 1,
            "md": 1.5,
          },
          "size": Object {
            "base": "1.8rem",
            "lg": "3rem",
            "md": "2.1rem",
            "sm": "1.6rem",
            "tiny": "1rem",
            "xl": "4rem",
            "xs": "1.4rem",
            "xxs": "1.2rem",
          },
          "spacing": "0.3em",
          "underline": Object {
            "line": Object {
              "base": "2px",
              "lg": "3px",
              "md": "2px",
              "sm": "2px",
              "tiny": "2px",
              "xl": "3px",
              "xs": "2px",
              "xxs": "2px",
            },
            "space": Object {
              "base": "12px",
              "lg": "24px",
              "md": "12px",
              "sm": "12px",
              "tiny": "8px",
              "xl": "24px",
              "xs": "10px",
              "xxs": "10px",
            },
            "width": Object {
              "base": "50px",
              "lg": "80px",
              "md": "65px",
              "sm": "50px",
              "tiny": "30px",
              "xl": "80px",
              "xs": "40px",
              "xxs": "40px",
            },
          },
          "weight": Object {
            "bold": 700,
            "normal": 400,
          },
        },
        "form": Object {
          "checkboxSize": Object {
            "lg": "22px",
            "md": "20px",
            "sm": "18px",
          },
          "inputWidth": Object {
            "lg": "500px",
            "md": "400px",
            "sm": "330px",
            "xs": "260px",
            "xxs": "160px",
          },
          "radio": Object {
            "lg": "150px",
            "md": "120px",
          },
          "radioButtonSize": Object {
            "lg": "23px",
            "md": "21px",
            "sm": "19px",
          },
          "radioButtonSpace": Object {
            "lg": "10px",
            "md": "10px",
            "sm": "8px",
          },
          "textareaHeight": "200px",
          "toggle": "30px",
        },
        "grid": Object {
          "header": "45px",
          "headerBig": "70px",
          "maxWidth": "1400px",
          "sidebar": "330px",
          "topbar": "45px",
        },
        "histogram": Object {
          "height": Object {
            "lg": "500px",
            "md": "400px",
            "sm": "300px",
            "xs": "200px",
          },
          "width": Object {
            "lg": "32px",
            "md": "16px",
            "sm": "10px",
            "xs": "6px",
          },
        },
        "icon": Object {
          "shift": Object {
            "lg": "6px",
            "md": "4px",
            "sm": "4px",
            "xl": "6px",
            "xs": "3px",
            "xxs": "2px",
          },
          "size": Object {
            "lg": "32px",
            "md": "24px",
            "sm": "20px",
            "xl": "40px",
            "xs": "16px",
            "xxs": "12px",
          },
        },
        "imageCircleSize": Object {
          "auto": "auto",
          "lg": "120px",
          "md": "100px",
          "sm": "80px",
          "tiny": "16px",
          "xl": "140px",
          "xs": "60px",
          "xxs": "38px",
        },
        "imageSize": Object {
          "auto": "auto",
          "lg": "640px",
          "md": "560px",
          "sm": "400px",
          "tiny": "150px",
          "xl": "760px",
          "xs": "240px",
          "xxs": "150px",
        },
        "line": "2px",
        "loaderSize": Object {
          "lg": "80px",
          "md": "70px",
          "sm": "60px",
          "xl": "90px",
          "xs": "50px",
          "xxs": "40px",
        },
        "logoHeight": Object {
          "lg": "50px",
          "md": "40px",
          "none": "auto",
          "sm": "30px",
          "xl": "60px",
          "xs": "20px",
        },
        "logoWidth": Object {
          "lg": "200px",
          "md": "150px",
          "none": "auto",
          "sm": "120px",
          "xl": "250px",
          "xs": "90px",
        },
        "name": "Default",
        "pattern": "test-file-stub",
        "query": Object {
          "max": Object {
            "lg": "max-width: 1199.99px",
            "md": "max-width: 959.99px",
            "sm": "max-width: 549.99px",
            "xl": "max-width: 1359.99px",
          },
          "min": Object {
            "lg": "min-width: 1200px",
            "md": "min-width: 960px",
            "sm": "min-width: 550px",
            "xl": "min-width: 1360px",
          },
        },
        "radius": Object {
          "lg": "12px",
          "md": "8px",
          "none": "0",
          "sm": "4px",
        },
        "rotateSize": Object {
          "d0": "0deg",
          "d135": "135deg",
          "d180": "180deg",
          "d225": "225deg",
          "d270": "270deg",
          "d315": "315deg",
          "d45": "45deg",
          "d90": "90deg",
        },
        "screen": Object {
          "max": Object {
            "lg": "not all and (min-width: 1200px)",
            "md": "not all and (min-width: 960px)",
            "sm": "not all and (min-width: 550px)",
            "xl": "not all and (min-width: 1360px)",
          },
          "min": Object {
            "lg": "(min-width: 1200px)",
            "md": "(min-width: 960px)",
            "sm": "(min-width: 550px)",
            "xl": "(min-width: 1360px)",
          },
        },
        "shadow": Object {
          "opacity": Object {
            "lg": 0.7,
            "md": 0.8,
            "none": 1,
            "sm": 0.9,
            "xs": 0.95,
          },
          "size": Object {
            "lg": "3px 3px 20px",
            "md": "2px 2px 15px",
            "none": "0 0 0",
            "sm": "1px 1px 10px",
            "xs": "1px 1px 5px",
          },
        },
        "space": Object {
          "lg": "32px",
          "md": "16px",
          "none": "0",
          "sm": "8px",
          "xl": "64px",
          "xs": "4px",
        },
        "status": Object {
          "danger": Object {
            "light": "#f7d7d0",
            "main": "#b54025",
          },
          "default": Object {
            "light": "#e1f3f2",
            "main": "#00a99d",
          },
          "success": Object {
            "light": "#d5f3e5",
            "main": "#33ad73",
          },
          "warning": Object {
            "light": "#fbe6ce",
            "main": "#e58a28",
          },
        },
        "table": Object {
          "cell": Object {
            "lg": "21px",
            "sm": "18px",
          },
        },
        "transition": Object {
          "lg": "0.7s",
          "md": "0.5s",
          "sm": "0.3s",
          "xl": "1s",
          "xs": "0.2s",
          "xxs": "0.1s",
        },
        "wab": Object {
          "black00": "#000000",
          "grey10": "#eeeeee",
          "grey20": "#dbdbdb",
          "grey30": "#aaaaaa",
          "grey40": "#858585",
          "grey50": "#636363",
          "grey60": "#434343",
          "white00": "#ffffff",
          "white10": "#fafafa",
          "white20": "#f6f6f6",
        },
        "wave": Object {
          "double": "11vw",
          "simple": "8vw",
        },
        "zindex": Object {
          "background": -1,
          "base": 0,
          "content": 1,
          "corner": 3,
          "front": 5,
          "header": 110,
          "hidden": -100,
          "layer": -5,
          "loader": 90,
          "menu": 105,
          "modal": 120,
          "popin": 115,
          "subHeader": 100,
        },
      }
    }
    type="text"
  />
  <span />
</div>
`;
