// Jest Snapshot v1, https://goo.gl/fbAQLP

exports[`renders without crashing 1`] = `
<div
  className="style__InputBase-kps9m4-0 gyOHbQ"
>
  <label
    htmlFor="testId1"
  >
    Your name
  </label>
  <input
    id="testId1"
    onBlur={[Function]}
    onFocus={[Function]}
    placeholder="Firstname Lastname"
    type="text"
  />
  <span />
</div>
`;
