// Jest Snapshot v1, https://goo.gl/fbAQLP

exports[`renders without crashing 1`] = `
<div
  className="sc-bwzfXH joSvVD"
>
  <button
    className="sc-bdVaJa cpPFFY"
    onClick={[Function]}
    type="button"
  >
    1
  </button>
  <button
    className="sc-bdVaJa cpPFFY"
    onClick={[Function]}
    type="button"
  >
    2
  </button>
  <button
    className="sc-bdVaJa bXhcNU"
    onClick={[Function]}
    type="button"
  >
    3
  </button>
  <button
    className="sc-bdVaJa cpPFFY"
    onClick={[Function]}
    type="button"
  >
    4
  </button>
  ...
  <button
    className="sc-bdVaJa cpPFFY"
    onClick={[Function]}
    type="button"
  >
    21
  </button>
</div>
`;
