// Jest Snapshot v1, https://goo.gl/fbAQLP

exports[`renders without crashing 1`] = `
<div
  className="sc-bxivhb WcjIm"
>
  <div
    className="sc-bdVaJa bMYxrm"
    onClick={[Function]}
  />
  <div
    className="sc-htpNat cvzpAh"
  >
    <div
      className="sc-bwzfXH goZZsy"
    >
      This is the text
    </div>
  </div>
</div>
`;
