// Jest Snapshot v1, https://goo.gl/fbAQLP

exports[`renders without crashing 1`] = `
<div
  className="sc-hKFyIo cyXxJu"
>
  <div
    className="sc-bdnylx wSlvk"
    onClick={[Function]}
  />
  <div
    className="sc-dlnjPT ijDRgc"
  >
    <div
      className="sc-gtssRu frZqVm"
    >
      This is the text
    </div>
  </div>
</div>
`;
