// Jest Snapshot v1, https://goo.gl/fbAQLP

exports[`renders without crashing 1`] = `
<div
  className="sc-bxivhb iPkpwe"
>
  <header
    className="sc-bwzfXH jksTd"
  >
    <button
      className="sc-ifAKCX kdVFfN"
    >
      <span />
      <span />
      <span />
    </button>
  </header>
  <div
    className="sc-htpNat hKEOFC"
  />
</div>
`;
