// Jest Snapshot v1, https://goo.gl/fbAQLP

exports[`renders without crashing 1`] = `
<div
  className="style__MainBase-sc-1032smc-0 jrFLLv"
>
  <header
    className="style__TopbarBase-sc-167w4io-0 bgLEjQ"
  >
    <button
      className="style__MenuHamburgerBase-sc-1tooz6t-0 czVrHi"
    >
      <span />
      <span />
      <span />
    </button>
  </header>
  <div
    className="style__BoxBase-sc-3504r6-0 hgtjMi"
  />
</div>
`;
