// Jest Snapshot v1, https://goo.gl/fbAQLP

exports[`renders without crashing 1`] = `
<div
  className="sc-dlnjPT cEtkyc"
>
  <header
    className="sc-bdnylx iprAhY"
  >
    <button
      className="sc-hKFyIo jZDovn"
    >
      <span />
      <span />
      <span />
    </button>
  </header>
  <div
    className="sc-gtssRu bLLHED"
  />
</div>
`;
