// Jest Snapshot v1, https://goo.gl/fbAQLP

exports[`renders without crashing 1`] = `
<div
  className="style__SkeletonBase-sc-13d7n9i-0 cfWeLG"
>
  <div
    className="style__CardBase-f361m8-0 eWgINm"
  >
    <div
      className="content"
    >
      <div
        className="style__SkeletonItemBase-sc-1akijax-0 gZubAQ"
      />
      <div
        className="style__SkeletonItemBase-sc-1akijax-0 bTQriW"
      />
    </div>
  </div>
</div>
`;
