// Jest Snapshot v1, https://goo.gl/fbAQLP

exports[`renders without crashing 1`] = `
<div
  className="sc-bwzfXH fmyGrX"
>
  <div
    className="sc-bdVaJa igqJNM cell-checkbox"
  >
    <span
      className="cell-content"
    >
      <input
        type="checkbox"
      />
    </span>
  </div>
  <div
    className="sc-bdVaJa bSlSYA cell-main cell-main-1"
  >
    <span
      className="cell-content"
    >
      4217
    </span>
  </div>
  <div
    className="sc-bdVaJa KnVGS cell-main cell-main-2"
  >
    <span
      className="cell-content"
    >
      Something
    </span>
  </div>
  <div
    className="sc-bdVaJa iyIPAb cell-basic cell-basic-1"
  >
    <span
      className="cell-content"
    >
      Something else
    </span>
  </div>
</div>
`;
