// Jest Snapshot v1, https://goo.gl/fbAQLP

exports[`renders without crashing 1`] = `
<div
  className="sc-AxirZ elFkXr"
>
  <div
    className="sc-AxjAm hiQWao cell-checkbox"
  >
    <span
      className="cell-content"
    >
      <input
        type="checkbox"
      />
    </span>
  </div>
  <div
    className="sc-AxjAm ighQHB cell-id"
  >
    <span
      className="cell-content"
    >
      4217
    </span>
  </div>
  <div
    className="sc-AxjAm eGPvlC cell-main cell-main-1"
  >
    <span
      className="cell-content"
    >
      Something
    </span>
  </div>
  <div
    className="sc-AxjAm jNMHvk cell-basic cell-basic-1"
  >
    <span
      className="cell-content"
    >
      Something else
    </span>
  </div>
</div>
`;
