// Jest Snapshot v1, https://goo.gl/fbAQLP

exports[`renders without crashing 1`] = `
<div
  className="style__MenuSecondaryBase-lzoq71-0 GxLgA"
>
  <ul
    className="menu"
  >
    <li
      className="menuElement"
    >
      <div
        className="style__MenuBase-sc-6r1iet-0 EOKtT"
      >
        <a
          href="#"
        >
          <div
            className="style__MenuItemBase-sc-4wfueo-0 kQDKBR"
          >
            <span
              className="style__IconBase-ak3679-0 weCXC icon"
            >
              <svg
                viewBox="0 0 143 143"
              >
                <path
                  d="M95.8 59.3V45.9c0-14.9-10.5-25.8-24.9-25.8-14.3 0-24.7 10.9-24.7 25.8v13.4c-8.5.2-15.3 7.1-15.3 15.6v31.8c0 8.6 7 15.6 15.6 15.6h48.9c8.6 0 15.6-7 15.6-15.5V74.9c0-8.5-6.8-15.4-15.2-15.6zM70.9 27.1c10.5 0 17.9 7.7 17.9 18.8v13.4H53.2V45.9c0-11.1 7.3-18.8 17.7-18.8zm33.1 79.7c0 4.7-3.9 8.5-8.6 8.5H46.5c-4.7 0-8.6-3.9-8.6-8.6V74.9c0-4.7 3.9-8.6 8.6-8.6h48.9c4.7 0 8.6 3.9 8.6 8.6v31.9z"
                />
              </svg>
            </span>
            Login
          </div>
        </a>
      </div>
    </li>
  </ul>
</div>
`;
