// Jest Snapshot v1, https://goo.gl/fbAQLP

exports[`renders without crashing 1`] = `
<div
  className="sc-htpNat efseZc"
>
  <div
    className="sc-bwzfXH iBHjTe"
  >
    <div
      className="sc-bdVaJa fCCeHr cell-checkbox"
    >
      <span
        className="cell-content"
      >
        <input
          type="checkbox"
        />
      </span>
    </div>
    <div
      className="sc-bdVaJa buROYz cell-id"
    >
      <span
        className="cell-content"
      >
        4217
      </span>
    </div>
    <div
      className="sc-bdVaJa dBnJxf cell-main cell-main-1"
    >
      <span
        className="cell-content"
      >
        Something
      </span>
    </div>
    <div
      className="sc-bdVaJa dWysYI cell-basic cell-basic-1"
    >
      <span
        className="cell-content"
      >
        Something else
      </span>
    </div>
  </div>
  <div
    className="sc-bwzfXH iBHjTe"
  >
    <div
      className="sc-bdVaJa fCCeHr cell-checkbox"
    >
      <span
        className="cell-content"
      >
        <input
          type="checkbox"
        />
      </span>
    </div>
    <div
      className="sc-bdVaJa buROYz cell-id"
    >
      <span
        className="cell-content"
      >
        4217
      </span>
    </div>
    <div
      className="sc-bdVaJa dBnJxf cell-main cell-main-1"
    >
      <span
        className="cell-content"
      >
        Something
      </span>
    </div>
    <div
      className="sc-bdVaJa dWysYI cell-basic cell-basic-1"
    >
      <span
        className="cell-content"
      >
        Something else
      </span>
    </div>
  </div>
  <div
    className="sc-bwzfXH iBHjTe"
  >
    <div
      className="sc-bdVaJa fCCeHr cell-checkbox"
    >
      <span
        className="cell-content"
      >
        <input
          type="checkbox"
        />
      </span>
    </div>
    <div
      className="sc-bdVaJa buROYz cell-id"
    >
      <span
        className="cell-content"
      >
        4217
      </span>
    </div>
    <div
      className="sc-bdVaJa dBnJxf cell-main cell-main-1"
    >
      <span
        className="cell-content"
      >
        Something
      </span>
    </div>
    <div
      className="sc-bdVaJa dWysYI cell-basic cell-basic-1"
    >
      <span
        className="cell-content"
      >
        Something else
      </span>
    </div>
  </div>
</div>
`;
