// Jest Snapshot v1, https://goo.gl/fbAQLP

exports[`renders without crashing 1`] = `
<ul
  className="sc-bxivhb bjQHua"
>
  <li>
    <span
      className="sc-htpNat kpHcFf"
    >
      <span
        className="bullet"
      />
      <p
        className="sc-bdVaJa bRFrph"
      >
        Something
      </p>
    </span>
  </li>
  <li>
    <span
      className="sc-htpNat kpHcFf"
    >
      <span
        className="bullet"
      />
      <p
        className="sc-bdVaJa bRFrph"
      >
        Something else
      </p>
    </span>
  </li>
</ul>
`;
