// Jest Snapshot v1, https://goo.gl/fbAQLP

exports[`renders without crashing 1`] = `
<ul
  className="sc-bxivhb bjQHua"
>
  <li>
    <span
      className="sc-htpNat kDSvXT"
      type={null}
    >
      <span
        className="bullet"
      />
      <p
        className="sc-bdVaJa girSNX"
      >
        Something
      </p>
    </span>
  </li>
  <li>
    <span
      className="sc-htpNat kDSvXT"
      type={null}
    >
      <span
        className="bullet"
      />
      <p
        className="sc-bdVaJa girSNX"
      >
        Something else
      </p>
    </span>
  </li>
</ul>
`;
