// Jest Snapshot v1, https://goo.gl/fbAQLP

exports[`renders without crashing 1`] = `
<div
  className="style__HistogramBase-sc-h3wpv-0 gWwVZO"
>
  <div
    className="style__YAxisBase-sc-fqe2pn-0 hKTTGT"
  >
    <div
      className="style__YAxisElementBase-sc-fqe2pn-1 eBTHGw"
    >
      <span
        className="style__TextBase-sc-11ixwvd-0 ilsyUh"
      >
        110
         
      </span>
    </div>
    <div
      className="style__YAxisElementBase-sc-fqe2pn-1 eBTHGw"
    >
      <span
        className="style__TextBase-sc-11ixwvd-0 ilsyUh"
      >
        0
         
      </span>
    </div>
  </div>
  <div
    className="container"
  >
    <div
      className="bars"
    >
      <div
        className="style__HistogramBarBase-sc-y733il-0 fBCCzR"
      >
        <div
          className="bar"
        />
      </div>
      <div
        className="style__HistogramBarBase-sc-y733il-0 bQVBXC"
      >
        <div
          className="bar"
        />
      </div>
      <div
        className="style__HistogramBarBase-sc-y733il-0 kScAx"
      >
        <div
          className="bar"
        />
      </div>
      <div
        className="style__HistogramBarBase-sc-y733il-0 dRXjEz"
      >
        <div
          className="bar"
        />
      </div>
    </div>
  </div>
</div>
`;
