// Jest Snapshot v1, https://goo.gl/fbAQLP

exports[`renders without crashing 1`] = `
<div
  className="style__HistogramBase-h3wpv-0 BFbLB"
>
  <div
    className="style__YAxisBase-fqe2pn-0 kimwMk"
  >
    <div
      className="style__YAxisElementBase-fqe2pn-1 bUfzZn"
    >
      <span
        className="style__TextBase-sc-11ixwvd-0 hdGhjN"
      >
        110
      </span>
    </div>
    <div
      className="style__YAxisElementBase-fqe2pn-1 bUfzZn"
    >
      <span
        className="style__TextBase-sc-11ixwvd-0 hdGhjN"
      >
        0
      </span>
    </div>
  </div>
  <div
    className="container"
  >
    <div
      className="bars"
    >
      <div
        className="style__HistogramBarBase-y733il-0 kRGnKN"
      >
        <div
          className="bar"
        />
        <span
          className="style__TextBase-sc-11ixwvd-0 hNlheR"
        />
      </div>
      <div
        className="style__HistogramBarBase-y733il-0 jRnUod"
      >
        <div
          className="bar"
        />
        <span
          className="style__TextBase-sc-11ixwvd-0 hNlheR"
        />
      </div>
      <div
        className="style__HistogramBarBase-y733il-0 dVLhgZ"
      >
        <div
          className="bar"
        />
        <span
          className="style__TextBase-sc-11ixwvd-0 hNlheR"
        />
      </div>
      <div
        className="style__HistogramBarBase-y733il-0 jCIpqe"
      >
        <div
          className="bar"
        />
        <span
          className="style__TextBase-sc-11ixwvd-0 hNlheR"
        />
      </div>
    </div>
  </div>
</div>
`;
