// Jest Snapshot v1, https://goo.gl/fbAQLP

exports[`renders without crashing 1`] = `
<div
  className="style__TextareaBase-sc-2rc58k-0 eWqIQA"
>
  <label
    htmlFor="textareaTest1"
  >
    Your message
  </label>
  <textarea
    id="textareaTest1"
    maxLength={2000}
    minLength={0}
    onChange={[Function]}
    placeholder="Your text…"
    value=""
  />
  <div>
    <span>
      0
    </span>
     / 
    2000
     
    characters
  </div>
</div>
`;
