// Jest Snapshot v1, https://goo.gl/fbAQLP

exports[`renders without crashing 1`] = `
<div
  className="sc-AxirZ gZlhKf"
>
  <a
    href="#"
  >
    <span
      className="sc-AxjAm fxlzuz"
    >
      First button
    </span>
  </a>
  <a
    href="#"
  >
    <span
      className="sc-AxjAm fhRJHj"
    >
      Second button
    </span>
  </a>
</div>
`;
