// Jest Snapshot v1, https://goo.gl/fbAQLP

exports[`renders without crashing 1`] = `
<div
  className="style__ButtonGroupBase-sc-cn1823-0 dAlrZq"
>
  <button
    type="button"
  >
    <span
      className="style__ButtonBase-sc-pnyves-0 fYOpAB"
    >
      First button
    </span>
  </button>
  <button
    type="button"
  >
    <span
      className="style__ButtonBase-sc-pnyves-0 dXupHc"
    >
      Second button
    </span>
  </button>
</div>
`;
