// Jest Snapshot v1, https://goo.gl/fbAQLP

exports[`renders without crashing 1`] = `
<div
  className="sc-AxhCb MeQqL"
>
  <div
    className="sc-AxirZ gQVDjj"
  >
    <span
      className="sc-AxjAm jlpcJW"
    >
      This is the Title
    </span>
  </div>
  <div
    className="sc-AxiKw gYxlyN"
  >
    <p
      className="sc-AxhUy jzxiew"
    >
      Curabitur congue varius ex et posuere. Maecenas tincidunt diam ut nisl porttitor scelerisque.Curabitur congue varius ex et posuere. Maecenas tincidunt diam ut nisl porttitor scelerisque.Curabitur congue varius ex et posuere. Maecenas tincidunt diam ut nisl porttitor scelerisque.
    </p>
  </div>
</div>
`;
