// Jest Snapshot v1, https://goo.gl/fbAQLP

exports[`renders without crashing 1`] = `
<div
  className="sc-hKFyIo gdnqTu"
>
  <div
    className="sc-gtssRu ixRNnc"
  >
    <span
      className="sc-bdnylx kkwmgj"
    >
      This is the Title
    </span>
  </div>
  <div
    className="sc-dlnjPT fyMvue"
  >
    <p
      className="sc-eCApGN gVdMXE"
    >
      Curabitur congue varius ex et posuere. Maecenas tincidunt diam ut nisl porttitor scelerisque.Curabitur congue varius ex et posuere. Maecenas tincidunt diam ut nisl porttitor scelerisque.Curabitur congue varius ex et posuere. Maecenas tincidunt diam ut nisl porttitor scelerisque.
    </p>
  </div>
</div>
`;
