// Jest Snapshot v1, https://goo.gl/fbAQLP

exports[`renders without crashing 1`] = `
<div
  className="sc-AxhUy fHKCrX"
>
  <div
    className="sc-AxhCb kYdTLV"
  >
    <span
      className="content"
    >
      Row name
    </span>
  </div>
  <div
    className="sc-AxhCb kYdTLV"
  >
    <span
      className="content"
    >
      Value 1
    </span>
  </div>
  <div
    className="sc-AxhCb kYdTLV"
  >
    <span
      className="content"
    >
      Value 2
    </span>
  </div>
</div>
`;
