// Jest Snapshot v1, https://goo.gl/fbAQLP

exports[`renders without crashing 1`] = `
<div
  className="sc-eCApGN jWMcFp"
>
  <div
    className="sc-hKFyIo iGBuXm"
  >
    <span
      className="content"
    >
      Row name
    </span>
  </div>
  <div
    className="sc-hKFyIo iGBuXm"
  >
    <span
      className="content"
    >
      Value 1
    </span>
  </div>
  <div
    className="sc-hKFyIo iGBuXm"
  >
    <span
      className="content"
    >
      Value 2
    </span>
  </div>
</div>
`;
