// Jest Snapshot v1, https://goo.gl/fbAQLP

exports[`renders without crashing 1`] = `
<ul
  className="sc-hKFyIo hkKMJR"
>
  <li>
    <a
      href="#"
    >
      <div
        className="sc-gtssRu jyFKxE"
      >
        <span
          className="sc-bdnylx eKJiab"
        >
          Tree
        </span>
      </div>
    </a>
  </li>
  <li>
    <a
      href="#"
    >
      <div
        className="sc-gtssRu jyFKxE"
      >
        <span
          className="sc-bdnylx eKJiab"
        >
          Other
        </span>
      </div>
    </a>
  </li>
</ul>
`;
