// Jest Snapshot v1, https://goo.gl/fbAQLP

exports[`renders without crashing 1`] = `
<div
  className="style__ToggleBase-gnd37d-0 kkAFNu"
>
  <label
    htmlFor="toggle-test"
  >
    <input
      id="toggle-test"
      type="checkbox"
    />
    <div
      className="toggle"
    >
      <span
        className="checked-label"
      />
      <span
        className="not-checked-label"
      />
    </div>
  </label>
</div>
`;
