// Jest Snapshot v1, https://goo.gl/fbAQLP

exports[`renders without crashing 1`] = `
<label
  className="style__ToggleBase-sc-gnd37d-2 jvrmhO"
>
  <input
    disabled={false}
    type="checkbox"
  />
  <div
    className="style__ToggleElement-sc-gnd37d-1 eeGtvF"
  >
    <div
      className="style__ToggleLabelBase-sc-gnd37d-0 iGbLKU"
    />
    <div
      className="style__ToggleLabelBase-sc-gnd37d-0 iGbLKU"
    />
  </div>
</label>
`;
