// Jest Snapshot v1, https://goo.gl/fbAQLP

exports[`renders without crashing 1`] = `
<div
  className="style__HistogramBarBase-y733il-0 iQeriW"
  label="label"
>
  <div
    className="style__MessageBase-ts6lfl-0 jRGXuP"
  >
    <p
      className="style__TextBase-sc-11ixwvd-0 kpKdJy"
    >
      60 in label
    </p>
  </div>
  <div
    className="bar"
  />
</div>
`;
