// Jest Snapshot v1, https://goo.gl/fbAQLP

exports[`renders without crashing 1`] = `
<div
  className="style__HistogramBarBase-y733il-0 bTsbuA"
>
  <div
    className="style__MessageBase-ts6lfl-0 SVZMW"
  >
    <p
      className="style__TextBase-sc-11ixwvd-0 cbBqdP"
    >
      60 in label
    </p>
  </div>
  <div
    className="bar"
  />
  <span
    className="style__TextBase-sc-11ixwvd-0 ghUJLx"
  >
    label
  </span>
</div>
`;
